To https://github.com/danilofiumi/VideoupdaterDF.git
   2a9627f..23cb559  main -> main
error: Cannot find package 'dotenv' from '/Users/danilofiumi/Projects/YT/Videoupdater/index.js'

Bun v1.2.19 (macOS arm64)
To https://github.com/danilofiumi/VideoupdaterDF.git
   5a36a62..404f41b  main -> main
yt-dlp stderr: WARNING: [youtube] HTTPSConnectionPool(host='www.youtube.com', port=443): Read timed out. Retrying (1/3)...
WARNING: [youtube] Falling back to generic n function search
         player = https://www.youtube.com/s/player/8a6e7bc4/player_es6.vflset/en_US/base.js
WARNING: [youtube] TB2KptZBgqA: nsig extraction failed: Some formats may be missing
         n = WAEkh2beIHigKx4R ; player = https://www.youtube.com/s/player/8a6e7bc4/player_es6.vflset/en_US/base.js
ERROR: [download] Got error: HTTP Error 403: Forbidden
ERROR: fragment 1 not found, unable to continue
ERROR: [download] Got error: HTTP Error 403: Forbidden
ERROR: fragment 1 not found, unable to continue
ERROR: [download] Got error: HTTP Error 403: Forbidden
ERROR: fragment 1 not found, unable to continue
ERROR: [download] Got error: HTTP Error 403: Forbidden
ERROR: fragment 1 not found, unable to continue
ERROR: [download] Got error: HTTP Error 403: Forbidden
ERROR: fragment 1 not found, unable to continue
ERROR: [download] Got error: HTTP Error 403: Forbidden
ERROR: fragment 1 not found, unable to continue
ERROR: [download] Got error: HTTP Error 403: Forbidden
ERROR: fragment 1 not found, unable to continue
ERROR: [download] Got error: HTTP Error 403: Forbidden
ERROR: fragment 1 not found, unable to continue
ERROR: [download] Got error: HTTP Error 403: Forbidden
ERROR: fragment 1 not found, unable to continue
ERROR: [download] Got error: HTTP Error 403: Forbidden
ERROR: fragment 1 not found, unable to continue
ERROR: [download] Got error: HTTP Error 403: Forbidden
ERROR: fragment 1 not found, unable to continue
ERROR: [download] Got error: HTTP Error 403: Forbidden
ERROR: fragment 1 not found, unable to continue
ERROR: [download] Got error: HTTP Error 403: Forbidden
ERROR: fragment 1 not found, unable to continue
ERROR: [download] Got error: HTTP Error 403: Forbidden
ERROR: fragment 1 not found, unable to continue
ERROR: [youtube] TB2KptZBgqA: Requested format is not available. Use --list-formats for a list of available formats
WARNING: [youtube] Falling back to generic n function search
         player = https://www.youtube.com/s/player/8a6e7bc4/player_es6.vflset/en_US/base.js
WARNING: [youtube] KcI9-ZBY0Yw: nsig extraction failed: Some formats may be missing
         n = 7-b8ETvcAl3pKRxd ; player = https://www.youtube.com/s/player/8a6e7bc4/player_es6.vflset/en_US/base.js
WARNING: [youtube] Failed to download m3u8 information: ('Connection aborted.', ConnectionResetError(54, 'Connection reset by peer'))
ERROR: [youtube] KcI9-ZBY0Yw: Sign in to confirm you’re not a bot. Use --cookies-from-browser or --cookies for the authentication. See  https://github.com/yt-dlp/yt-dlp/wiki/FAQ#how-do-i-pass-cookies-to-yt-dlp  for how to manually pass cookies. Also see  https://github.com/yt-dlp/yt-dlp/wiki/Extractors#exporting-youtube-cookies  for tips on effectively exporting YouTube cookies
WARNING: [youtube] ('Connection aborted.', ConnectionResetError(54, 'Connection reset by peer')). Retrying (1/3)...
WARNING: [youtube] Falling back to generic n function search
         player = https://www.youtube.com/s/player/8a6e7bc4/player_es6.vflset/en_US/base.js
WARNING: [youtube] s6B-ihXe7cE: nsig extraction failed: Some formats may be missing
         n = 7rDrot4F6aai2RDT ; player = https://www.youtube.com/s/player/8a6e7bc4/player_es6.vflset/en_US/base.js
WARNING: [youtube] Falling back to generic n function search
         player = https://www.youtube.com/s/player/8a6e7bc4/player_es6.vflset/en_US/base.js
WARNING: [youtube] 524tRTx3WXA: nsig extraction failed: Some formats may be missing
         n = KcxWEpiTgB0hWx-U ; player = https://www.youtube.com/s/player/8a6e7bc4/player_es6.vflset/en_US/base.js
WARNING: [youtube] Falling back to generic n function search
         player = https://www.youtube.com/s/player/8a6e7bc4/player_es6.vflset/en_US/base.js
WARNING: [youtube] mQdgNMsheoA: nsig extraction failed: Some formats may be missing
         n = ne_IN7bZq9O7Ih82 ; player = https://www.youtube.com/s/player/8a6e7bc4/player_es6.vflset/en_US/base.js
WARNING: [youtube] Falling back to generic n function search
         player = https://www.youtube.com/s/player/8a6e7bc4/player_es6.vflset/en_US/base.js
WARNING: [youtube] lESidAbdY3Y: nsig extraction failed: Some formats may be missing
         n = NrCv2i4cioObXxJP ; player = https://www.youtube.com/s/player/8a6e7bc4/player_es6.vflset/en_US/base.js
WARNING: [youtube] Falling back to generic n function search
         player = https://www.youtube.com/s/player/8a6e7bc4/player_es6.vflset/en_US/base.js
WARNING: [youtube] AJiKsMI2oXM: nsig extraction failed: Some formats may be missing
         n = K0WCeCN52YcuSBkF ; player = https://www.youtube.com/s/player/8a6e7bc4/player_es6.vflset/en_US/base.js
WARNING: [youtube] Falling back to generic n function search
         player = https://www.youtube.com/s/player/8a6e7bc4/player_es6.vflset/en_US/base.js
WARNING: [youtube] tw-7HE4hG8Y: nsig extraction failed: Some formats may be missing
         n = bXJ_Odjpm4S3ABin ; player = https://www.youtube.com/s/player/8a6e7bc4/player_es6.vflset/en_US/base.js
WARNING: [youtube] HTTPSConnectionPool(host='www.youtube.com', port=443): Read timed out. (read timeout=20.0). Retrying (1/3)...
WARNING: [youtube] Falling back to generic n function search
         player = https://www.youtube.com/s/player/8a6e7bc4/player_es6.vflset/en_US/base.js
WARNING: [youtube] bM58bnSnyX4: nsig extraction failed: Some formats may be missing
         n = K26aSPf254QM6xjI ; player = https://www.youtube.com/s/player/8a6e7bc4/player_es6.vflset/en_US/base.js
WARNING: [youtube] Failed to download m3u8 information: HTTPSConnectionPool(host='manifest.googlevideo.com', port=443): Read timed out. (read timeout=20.0)
ERROR: [youtube] bM58bnSnyX4: Sign in to confirm you’re not a bot. Use --cookies-from-browser or --cookies for the authentication. See  https://github.com/yt-dlp/yt-dlp/wiki/FAQ#how-do-i-pass-cookies-to-yt-dlp  for how to manually pass cookies. Also see  https://github.com/yt-dlp/yt-dlp/wiki/Extractors#exporting-youtube-cookies  for tips on effectively exporting YouTube cookies
WARNING: [youtube] HTTPSConnectionPool(host='www.youtube.com', port=443): Read timed out. (read timeout=20.0). Retrying (1/3)...
WARNING: [youtube] <urllib3.connection.HTTPSConnection object at 0x107455a90>: Failed to resolve 'www.youtube.com' ([Errno 8] nodename nor servname provided, or not known). Retrying (2/3)...
WARNING: [youtube] <urllib3.connection.HTTPSConnection object at 0x108dc0cd0>: Failed to resolve 'www.youtube.com' ([Errno 8] nodename nor servname provided, or not known). Retrying (3/3)...
WARNING: [youtube] Unable to download webpage: <urllib3.connection.HTTPSConnection object at 0x108dc11d0>: Failed to resolve 'www.youtube.com' ([Errno 8] nodename nor servname provided, or not known) (caused by TransportError("<urllib3.connection.HTTPSConnection object at 0x108dc11d0>: Failed to resolve 'www.youtube.com' ([Errno 8] nodename nor servname provided, or not known)")). Giving up after 3 retries
WARNING: [youtube] <urllib3.connection.HTTPSConnection object at 0x108dc16d0>: Failed to resolve 'www.youtube.com' ([Errno 8] nodename nor servname provided, or not known). Retrying (1/3)...
WARNING: [youtube] <urllib3.connection.HTTPSConnection object at 0x108dc1bd0>: Failed to resolve 'www.youtube.com' ([Errno 8] nodename nor servname provided, or not known). Retrying (2/3)...
WARNING: [youtube] <urllib3.connection.HTTPSConnection object at 0x108dc20d0>: Failed to resolve 'www.youtube.com' ([Errno 8] nodename nor servname provided, or not known). Retrying (3/3)...
WARNING: [youtube] Unable to download webpage: <urllib3.connection.HTTPSConnection object at 0x108dc25d0>: Failed to resolve 'www.youtube.com' ([Errno 8] nodename nor servname provided, or not known) (caused by TransportError("<urllib3.connection.HTTPSConnection object at 0x108dc25d0>: Failed to resolve 'www.youtube.com' ([Errno 8] nodename nor servname provided, or not known)")). Giving up after 3 retries
WARNING: [youtube] <urllib3.connection.HTTPSConnection object at 0x108dc2ad0>: Failed to resolve 'www.youtube.com' ([Errno 8] nodename nor servname provided, or not known). Retrying (1/3)...
WARNING: [youtube] <urllib3.connection.HTTPSConnection object at 0x107455a90>: Failed to resolve 'www.youtube.com' ([Errno 8] nodename nor servname provided, or not known). Retrying (2/3)...
WARNING: [youtube] <urllib3.connection.HTTPSConnection object at 0x108dc25d0>: Failed to resolve 'www.youtube.com' ([Errno 8] nodename nor servname provided, or not known). Retrying (3/3)...
WARNING: [youtube] Unable to download webpage: <urllib3.connection.HTTPSConnection object at 0x108dc20d0>: Failed to resolve 'www.youtube.com' ([Errno 8] nodename nor servname provided, or not known) (caused by TransportError("<urllib3.connection.HTTPSConnection object at 0x108dc20d0>: Failed to resolve 'www.youtube.com' ([Errno 8] nodename nor servname provided, or not known)")). Giving up after 3 retries
WARNING: [youtube] <urllib3.connection.HTTPSConnection object at 0x108dc1bd0>: Failed to resolve 'www.youtube.com' ([Errno 8] nodename nor servname provided, or not known). Retrying (1/3)...
WARNING: [youtube] <urllib3.connection.HTTPSConnection object at 0x108dc1950>: Failed to resolve 'www.youtube.com' ([Errno 8] nodename nor servname provided, or not known). Retrying (2/3)...
WARNING: [youtube] <urllib3.connection.HTTPSConnection object at 0x107455a90>: Failed to resolve 'www.youtube.com' ([Errno 8] nodename nor servname provided, or not known). Retrying (3/3)...
WARNING: [youtube] Unable to download API page: <urllib3.connection.HTTPSConnection object at 0x108dc1bd0>: Failed to resolve 'www.youtube.com' ([Errno 8] nodename nor servname provided, or not known) (caused by TransportError("<urllib3.connection.HTTPSConnection object at 0x108dc1bd0>: Failed to resolve 'www.youtube.com' ([Errno 8] nodename nor servname provided, or not known)"))
WARNING: [youtube] <urllib3.connection.HTTPSConnection object at 0x108dc2490>: Failed to resolve 'www.youtube.com' ([Errno 8] nodename nor servname provided, or not known). Retrying (1/3)...
WARNING: [youtube] <urllib3.connection.HTTPSConnection object at 0x107455a90>: Failed to resolve 'www.youtube.com' ([Errno 8] nodename nor servname provided, or not known). Retrying (2/3)...
WARNING: [youtube] <urllib3.connection.HTTPSConnection object at 0x108dc2490>: Failed to resolve 'www.youtube.com' ([Errno 8] nodename nor servname provided, or not known). Retrying (3/3)...
WARNING: [youtube] Unable to download API page: <urllib3.connection.HTTPSConnection object at 0x108dc2850>: Failed to resolve 'www.youtube.com' ([Errno 8] nodename nor servname provided, or not known) (caused by TransportError("<urllib3.connection.HTTPSConnection object at 0x108dc2850>: Failed to resolve 'www.youtube.com' ([Errno 8] nodename nor servname provided, or not known)"))
WARNING: [youtube] <urllib3.connection.HTTPSConnection object at 0x107455a90>: Failed to resolve 'www.youtube.com' ([Errno 8] nodename nor servname provided, or not known). Retrying (1/3)...
WARNING: [youtube] <urllib3.connection.HTTPSConnection object at 0x108dc2490>: Failed to resolve 'www.youtube.com' ([Errno 8] nodename nor servname provided, or not known). Retrying (2/3)...
WARNING: [youtube] <urllib3.connection.HTTPSConnection object at 0x108dc0f50>: Failed to resolve 'www.youtube.com' ([Errno 8] nodename nor servname provided, or not known). Retrying (3/3)...
WARNING: [youtube] Unable to download API page: <urllib3.connection.HTTPSConnection object at 0x108dc0b90>: Failed to resolve 'www.youtube.com' ([Errno 8] nodename nor servname provided, or not known) (caused by TransportError("<urllib3.connection.HTTPSConnection object at 0x108dc0b90>: Failed to resolve 'www.youtube.com' ([Errno 8] nodename nor servname provided, or not known)"))
ERROR: [youtube] BW_6myvnH-0: Failed to extract any player response; please report this issue on  https://github.com/yt-dlp/yt-dlp/issues?q= , filling out the appropriate issue template. Confirm you are on the latest version using  yt-dlp -U

Failed to send Slack notification: Unable to connect. Is the computer able to access the url?
yt-dlp stderr: WARNING: [youtube] Falling back to generic n function search
         player = https://www.youtube.com/s/player/4b0d80ee/player_es6.vflset/en_US/base.js
WARNING: [youtube] cXL7ftLX2KA: nsig extraction failed: Some formats may be missing
         n = _L-YOD77Qsi6sBZ ; player = https://www.youtube.com/s/player/4b0d80ee/player_es6.vflset/en_US/base.js
WARNING: [youtube] Falling back to generic n function search
         player = https://www.youtube.com/s/player/4b0d80ee/player_es6.vflset/en_US/base.js
WARNING: [youtube] TB2KptZBgqA: nsig extraction failed: Some formats may be missing
         n = jZPiV4glojzEBmu ; player = https://www.youtube.com/s/player/4b0d80ee/player_es6.vflset/en_US/base.js
WARNING: [youtube] Falling back to generic n function search
         player = https://www.youtube.com/s/player/4b0d80ee/player_es6.vflset/en_US/base.js
WARNING: [youtube] KcI9-ZBY0Yw: nsig extraction failed: Some formats may be missing
         n = Si-L0YJBrWDeBS9 ; player = https://www.youtube.com/s/player/4b0d80ee/player_es6.vflset/en_US/base.js
WARNING: [youtube] HTTPSConnectionPool(host='www.youtube.com', port=443): Read timed out. (read timeout=20.0). Retrying (1/3)...
WARNING: [youtube] Falling back to generic n function search
         player = https://www.youtube.com/s/player/4b0d80ee/player_es6.vflset/en_US/base.js
WARNING: [youtube] s6B-ihXe7cE: nsig extraction failed: Some formats may be missing
         n = V_CzI8K-i3QSKPs ; player = https://www.youtube.com/s/player/4b0d80ee/player_es6.vflset/en_US/base.js
WARNING: [youtube] Failed to download m3u8 information: ('Connection aborted.', ConnectionResetError(54, 'Connection reset by peer'))
ERROR: [youtube] s6B-ihXe7cE: Sign in to confirm you’re not a bot. Use --cookies-from-browser or --cookies for the authentication. See  https://github.com/yt-dlp/yt-dlp/wiki/FAQ#how-do-i-pass-cookies-to-yt-dlp  for how to manually pass cookies. Also see  https://github.com/yt-dlp/yt-dlp/wiki/Extractors#exporting-youtube-cookies  for tips on effectively exporting YouTube cookies
WARNING: [youtube] Falling back to generic n function search
         player = https://www.youtube.com/s/player/4b0d80ee/player_es6.vflset/en_US/base.js
WARNING: [youtube] 524tRTx3WXA: nsig extraction failed: Some formats may be missing
         n = 75Fb8xT3EvkbFjV ; player = https://www.youtube.com/s/player/4b0d80ee/player_es6.vflset/en_US/base.js
WARNING: [youtube] Falling back to generic n function search
         player = https://www.youtube.com/s/player/4b0d80ee/player_es6.vflset/en_US/base.js
WARNING: [youtube] mQdgNMsheoA: nsig extraction failed: Some formats may be missing
         n = Iz_rYPwptXkfeK4 ; player = https://www.youtube.com/s/player/4b0d80ee/player_es6.vflset/en_US/base.js
WARNING: [youtube] Failed to download m3u8 information: ('Connection aborted.', ConnectionResetError(54, 'Connection reset by peer'))
ERROR: [youtube] mQdgNMsheoA: Sign in to confirm you’re not a bot. Use --cookies-from-browser or --cookies for the authentication. See  https://github.com/yt-dlp/yt-dlp/wiki/FAQ#how-do-i-pass-cookies-to-yt-dlp  for how to manually pass cookies. Also see  https://github.com/yt-dlp/yt-dlp/wiki/Extractors#exporting-youtube-cookies  for tips on effectively exporting YouTube cookies
WARNING: [youtube] Falling back to generic n function search
         player = https://www.youtube.com/s/player/4b0d80ee/player_es6.vflset/en_US/base.js
WARNING: [youtube] lESidAbdY3Y: nsig extraction failed: Some formats may be missing
         n = pNRhtzJHoYrFPkM ; player = https://www.youtube.com/s/player/4b0d80ee/player_es6.vflset/en_US/base.js
WARNING: [youtube] Falling back to generic n function search
         player = https://www.youtube.com/s/player/4b0d80ee/player_es6.vflset/en_US/base.js
WARNING: [youtube] AJiKsMI2oXM: nsig extraction failed: Some formats may be missing
         n = BvyNrjZCTcXyKyl ; player = https://www.youtube.com/s/player/4b0d80ee/player_es6.vflset/en_US/base.js
WARNING: [youtube] ('Connection aborted.', ConnectionResetError(54, 'Connection reset by peer')). Retrying (1/3)...
WARNING: [youtube] Falling back to generic n function search
         player = https://www.youtube.com/s/player/4b0d80ee/player_es6.vflset/en_US/base.js
WARNING: [youtube] tw-7HE4hG8Y: nsig extraction failed: Some formats may be missing
         n = v8rCvywDxy2hMR0 ; player = https://www.youtube.com/s/player/4b0d80ee/player_es6.vflset/en_US/base.js
WARNING: [youtube] Falling back to generic n function search
         player = https://www.youtube.com/s/player/4b0d80ee/player_es6.vflset/en_US/base.js
WARNING: [youtube] bM58bnSnyX4: nsig extraction failed: Some formats may be missing
         n = 2yKLWOIOsKngFzA ; player = https://www.youtube.com/s/player/4b0d80ee/player_es6.vflset/en_US/base.js

To https://github.com/danilofiumi/VideoupdaterDF.git
   78ec7f4..35478e8  main -> main
To https://github.com/danilofiumi/VideoupdaterDF.git
   35478e8..b9b2264  main -> main
To https://github.com/danilofiumi/VideoupdaterDF.git
   b9b2264..54a7bc9  main -> main
yt-dlp stderr: WARNING: [youtube] Falling back to generic n function search
         player = https://www.youtube.com/s/player/0980151a/player_es6_tcc.vflset/en_US/base.js
WARNING: [youtube] DnNYJtqBY9o: nsig extraction failed: Some formats may be missing
         n = aCnKJHJowCoqU-Sj ; player = https://www.youtube.com/s/player/0980151a/player_es6_tcc.vflset/en_US/base.js
WARNING: [youtube] Falling back to generic n function search
         player = https://www.youtube.com/s/player/0980151a/player_es6_tcc.vflset/en_US/base.js
WARNING: [youtube] 8DTpDanHlWM: nsig extraction failed: Some formats may be missing
         n = TeedhTa8OSVojS2- ; player = https://www.youtube.com/s/player/0980151a/player_es6_tcc.vflset/en_US/base.js
WARNING: [youtube] Falling back to generic n function search
         player = https://www.youtube.com/s/player/0980151a/player_es6_tcc.vflset/en_US/base.js
WARNING: [youtube] cXL7ftLX2KA: nsig extraction failed: Some formats may be missing
         n = CvPJYuUZ6L2uNFWW ; player = https://www.youtube.com/s/player/0980151a/player_es6_tcc.vflset/en_US/base.js
WARNING: [youtube] Falling back to generic n function search
         player = https://www.youtube.com/s/player/0980151a/player_es6_tcc.vflset/en_US/base.js
WARNING: [youtube] TB2KptZBgqA: nsig extraction failed: Some formats may be missing
         n = vEKvmKTRA5VYUlxD ; player = https://www.youtube.com/s/player/0980151a/player_es6_tcc.vflset/en_US/base.js
WARNING: [youtube] Falling back to generic n function search
         player = https://www.youtube.com/s/player/0980151a/player_es6_tcc.vflset/en_US/base.js
WARNING: [youtube] KcI9-ZBY0Yw: nsig extraction failed: Some formats may be missing
         n = pjKMNVqZLgJ2FR-c ; player = https://www.youtube.com/s/player/0980151a/player_es6_tcc.vflset/en_US/base.js
WARNING: [youtube] Failed to download m3u8 information: HTTPSConnectionPool(host='manifest.googlevideo.com', port=443): Read timed out. (read timeout=20.0)
ERROR: [youtube] KcI9-ZBY0Yw: Sign in to confirm you’re not a bot. Use --cookies-from-browser or --cookies for the authentication. See  https://github.com/yt-dlp/yt-dlp/wiki/FAQ#how-do-i-pass-cookies-to-yt-dlp  for how to manually pass cookies. Also see  https://github.com/yt-dlp/yt-dlp/wiki/Extractors#exporting-youtube-cookies  for tips on effectively exporting YouTube cookies
WARNING: [youtube] ('Connection aborted.', ConnectionResetError(54, 'Connection reset by peer')). Retrying (1/3)...
WARNING: [youtube] Falling back to generic n function search
         player = https://www.youtube.com/s/player/0980151a/player_es6_tcc.vflset/en_US/base.js
WARNING: [youtube] s6B-ihXe7cE: nsig extraction failed: Some formats may be missing
         n = madFxS1jVemZ2U-G ; player = https://www.youtube.com/s/player/0980151a/player_es6_tcc.vflset/en_US/base.js
WARNING: [youtube] HTTPSConnectionPool(host='www.youtube.com', port=443): Read timed out. Retrying (1/3)...
WARNING: [youtube] Falling back to generic n function search
         player = https://www.youtube.com/s/player/0980151a/player_es6_tcc.vflset/en_US/base.js
WARNING: [youtube] 524tRTx3WXA: nsig extraction failed: Some formats may be missing
         n = ZR-fPxLmLAbMxQ5u ; player = https://www.youtube.com/s/player/0980151a/player_es6_tcc.vflset/en_US/base.js
WARNING: [youtube] Failed to download m3u8 information: ('Connection aborted.', ConnectionResetError(54, 'Connection reset by peer'))
ERROR: [youtube] 524tRTx3WXA: Sign in to confirm you’re not a bot. Use --cookies-from-browser or --cookies for the authentication. See  https://github.com/yt-dlp/yt-dlp/wiki/FAQ#how-do-i-pass-cookies-to-yt-dlp  for how to manually pass cookies. Also see  https://github.com/yt-dlp/yt-dlp/wiki/Extractors#exporting-youtube-cookies  for tips on effectively exporting YouTube cookies
WARNING: [youtube] Falling back to generic n function search
         player = https://www.youtube.com/s/player/0980151a/player_es6_tcc.vflset/en_US/base.js
WARNING: [youtube] mQdgNMsheoA: nsig extraction failed: Some formats may be missing
         n = D0-7F0gGKD0d4_yO ; player = https://www.youtube.com/s/player/0980151a/player_es6_tcc.vflset/en_US/base.js
WARNING: [youtube] Falling back to generic n function search
         player = https://www.youtube.com/s/player/0980151a/player_es6_tcc.vflset/en_US/base.js
WARNING: [youtube] lESidAbdY3Y: nsig extraction failed: Some formats may be missing
         n = _0MPuz80zeUEncvq ; player = https://www.youtube.com/s/player/0980151a/player_es6_tcc.vflset/en_US/base.js
WARNING: [youtube] Falling back to generic n function search
         player = https://www.youtube.com/s/player/0980151a/player_es6_tcc.vflset/en_US/base.js
WARNING: [youtube] AJiKsMI2oXM: nsig extraction failed: Some formats may be missing
         n = prdIkNIjXitu4AXa ; player = https://www.youtube.com/s/player/0980151a/player_es6_tcc.vflset/en_US/base.js

yt-dlp stderr: WARNING: [youtube] Falling back to generic n function search
         player = https://www.youtube.com/s/player/8fb635c2/player_es6.vflset/en_US/base.js
WARNING: [youtube] MSN1j8IwJis: nsig extraction failed: Some formats may be missing
         n = NaEWa6jFmem64NeIxy ; player = https://www.youtube.com/s/player/8fb635c2/player_es6.vflset/en_US/base.js
WARNING: [youtube] ('Connection aborted.', ConnectionResetError(54, 'Connection reset by peer')). Retrying (1/3)...
WARNING: [youtube] Falling back to generic n function search
         player = https://www.youtube.com/s/player/8fb635c2/player_es6.vflset/en_US/base.js
WARNING: [youtube] DnNYJtqBY9o: nsig extraction failed: Some formats may be missing
         n = NeYo2svgJ3-L3hDG1M ; player = https://www.youtube.com/s/player/8fb635c2/player_es6.vflset/en_US/base.js
WARNING: [youtube] Failed to download m3u8 information: ('Connection aborted.', ConnectionResetError(54, 'Connection reset by peer'))
ERROR: [youtube] DnNYJtqBY9o: Sign in to confirm you’re not a bot. Use --cookies-from-browser or --cookies for the authentication. See  https://github.com/yt-dlp/yt-dlp/wiki/FAQ#how-do-i-pass-cookies-to-yt-dlp  for how to manually pass cookies. Also see  https://github.com/yt-dlp/yt-dlp/wiki/Extractors#exporting-youtube-cookies  for tips on effectively exporting YouTube cookies
WARNING: [youtube] ('Connection aborted.', ConnectionResetError(54, 'Connection reset by peer')). Retrying (1/3)...
WARNING: [youtube] Falling back to generic n function search
         player = https://www.youtube.com/s/player/8fb635c2/player_es6.vflset/en_US/base.js
WARNING: [youtube] 8DTpDanHlWM: nsig extraction failed: Some formats may be missing
         n = tc8Fk-GX9qjwaTPB6Y ; player = https://www.youtube.com/s/player/8fb635c2/player_es6.vflset/en_US/base.js
WARNING: [youtube] Falling back to generic n function search
         player = https://www.youtube.com/s/player/8fb635c2/player_es6.vflset/en_US/base.js
WARNING: [youtube] cXL7ftLX2KA: nsig extraction failed: Some formats may be missing
         n = dlCGxqzI5hiJu7m88J ; player = https://www.youtube.com/s/player/8fb635c2/player_es6.vflset/en_US/base.js
WARNING: [youtube] Falling back to generic n function search
         player = https://www.youtube.com/s/player/8fb635c2/player_es6.vflset/en_US/base.js
WARNING: [youtube] TB2KptZBgqA: nsig extraction failed: Some formats may be missing
         n = dJjcdCQXPZo1rYfr76 ; player = https://www.youtube.com/s/player/8fb635c2/player_es6.vflset/en_US/base.js
WARNING: [youtube] Failed to download m3u8 information: ('Connection aborted.', ConnectionResetError(54, 'Connection reset by peer'))
ERROR: [youtube] TB2KptZBgqA: Sign in to confirm you’re not a bot. Use --cookies-from-browser or --cookies for the authentication. See  https://github.com/yt-dlp/yt-dlp/wiki/FAQ#how-do-i-pass-cookies-to-yt-dlp  for how to manually pass cookies. Also see  https://github.com/yt-dlp/yt-dlp/wiki/Extractors#exporting-youtube-cookies  for tips on effectively exporting YouTube cookies
WARNING: [youtube] Falling back to generic n function search
         player = https://www.youtube.com/s/player/8fb635c2/player_es6.vflset/en_US/base.js
WARNING: [youtube] KcI9-ZBY0Yw: nsig extraction failed: Some formats may be missing
         n = NsVgd8f67oPu93mVKP ; player = https://www.youtube.com/s/player/8fb635c2/player_es6.vflset/en_US/base.js
WARNING: [youtube] Falling back to generic n function search
         player = https://www.youtube.com/s/player/8fb635c2/player_es6.vflset/en_US/base.js
WARNING: [youtube] s6B-ihXe7cE: nsig extraction failed: Some formats may be missing
         n = NztN5gpCFOSND6HXqq ; player = https://www.youtube.com/s/player/8fb635c2/player_es6.vflset/en_US/base.js
WARNING: [youtube] Falling back to generic n function search
         player = https://www.youtube.com/s/player/8fb635c2/player_es6.vflset/en_US/base.js
WARNING: [youtube] 524tRTx3WXA: nsig extraction failed: Some formats may be missing
         n = dBScBOm1Eb-TddaOgz ; player = https://www.youtube.com/s/player/8fb635c2/player_es6.vflset/en_US/base.js
WARNING: [youtube] Falling back to generic n function search
         player = https://www.youtube.com/s/player/8fb635c2/player_es6.vflset/en_US/base.js
WARNING: [youtube] mQdgNMsheoA: nsig extraction failed: Some formats may be missing
         n = dC5MrBhtEa5h-BtimM ; player = https://www.youtube.com/s/player/8fb635c2/player_es6.vflset/en_US/base.js
WARNING: [youtube] Falling back to generic n function search
         player = https://www.youtube.com/s/player/8fb635c2/player_es6.vflset/en_US/base.js
WARNING: [youtube] lESidAbdY3Y: nsig extraction failed: Some formats may be missing
         n = xd3vdUU9_cNdIl5a1o ; player = https://www.youtube.com/s/player/8fb635c2/player_es6.vflset/en_US/base.js

To https://github.com/danilofiumi/VideoupdaterDF.git
   54a7bc9..e2f2579  main -> main
yt-dlp stderr: WARNING: [youtube] Falling back to generic n function search
         player = https://www.youtube.com/s/player/2d01abf7/player_es6.vflset/en_US/base.js
WARNING: [youtube] 1_7d-PSXsXk: nsig extraction failed: Some formats may be missing
         n = 8p_itnpqpdgq5w ; player = https://www.youtube.com/s/player/2d01abf7/player_es6.vflset/en_US/base.js
ERROR: [download] Got error: HTTPSConnectionPool(host='rr7---sn-8qj-q5qee.googlevideo.com', port=443): Read timed out. (read timeout=20.0)
ERROR: fragment 1 not found, unable to continue
WARNING: [youtube] ('Connection aborted.', ConnectionResetError(54, 'Connection reset by peer')). Retrying (1/3)...
WARNING: [youtube] Falling back to generic n function search
         player = https://www.youtube.com/s/player/2d01abf7/player_es6.vflset/en_US/base.js
WARNING: [youtube] MSN1j8IwJis: nsig extraction failed: Some formats may be missing
         n = FnwswIgrhwcoQj ; player = https://www.youtube.com/s/player/2d01abf7/player_es6.vflset/en_US/base.js
WARNING: [youtube] Falling back to generic n function search
         player = https://www.youtube.com/s/player/2d01abf7/player_es6.vflset/en_US/base.js
WARNING: [youtube] DnNYJtqBY9o: nsig extraction failed: Some formats may be missing
         n = EVhqeXzlXcgRRY ; player = https://www.youtube.com/s/player/2d01abf7/player_es6.vflset/en_US/base.js
WARNING: [youtube] Falling back to generic n function search
         player = https://www.youtube.com/s/player/2d01abf7/player_es6.vflset/en_US/base.js
WARNING: [youtube] 8DTpDanHlWM: nsig extraction failed: Some formats may be missing
         n = L98KbqjFiDylIP ; player = https://www.youtube.com/s/player/2d01abf7/player_es6.vflset/en_US/base.js
WARNING: [youtube] Falling back to generic n function search
         player = https://www.youtube.com/s/player/2d01abf7/player_es6.vflset/en_US/base.js
WARNING: [youtube] cXL7ftLX2KA: nsig extraction failed: Some formats may be missing
         n = -mLK689Rl-4kzm ; player = https://www.youtube.com/s/player/2d01abf7/player_es6.vflset/en_US/base.js
WARNING: [youtube] Falling back to generic n function search
         player = https://www.youtube.com/s/player/2d01abf7/player_es6.vflset/en_US/base.js
WARNING: [youtube] TB2KptZBgqA: nsig extraction failed: Some formats may be missing
         n = fByIPpPaUsqFFM ; player = https://www.youtube.com/s/player/2d01abf7/player_es6.vflset/en_US/base.js
WARNING: [youtube] Falling back to generic n function search
         player = https://www.youtube.com/s/player/2d01abf7/player_es6.vflset/en_US/base.js
WARNING: [youtube] KcI9-ZBY0Yw: nsig extraction failed: Some formats may be missing
         n = FcFm2Iub9udxXO ; player = https://www.youtube.com/s/player/2d01abf7/player_es6.vflset/en_US/base.js
WARNING: [youtube] Falling back to generic n function search
         player = https://www.youtube.com/s/player/2d01abf7/player_es6.vflset/en_US/base.js
WARNING: [youtube] s6B-ihXe7cE: nsig extraction failed: Some formats may be missing
         n = aJ96DJ5CB3gzNE ; player = https://www.youtube.com/s/player/2d01abf7/player_es6.vflset/en_US/base.js
WARNING: [youtube] Falling back to generic n function search
         player = https://www.youtube.com/s/player/2d01abf7/player_es6.vflset/en_US/base.js
WARNING: [youtube] 524tRTx3WXA: nsig extraction failed: Some formats may be missing
         n = 7jITPN65ynjiH- ; player = https://www.youtube.com/s/player/2d01abf7/player_es6.vflset/en_US/base.js
WARNING: [youtube] Falling back to generic n function search
         player = https://www.youtube.com/s/player/2d01abf7/player_es6.vflset/en_US/base.js
WARNING: [youtube] mQdgNMsheoA: nsig extraction failed: Some formats may be missing
         n = 1nUHb31onCdRLS ; player = https://www.youtube.com/s/player/2d01abf7/player_es6.vflset/en_US/base.js

To https://github.com/danilofiumi/VideoupdaterDF.git
   e2f2579..fa0d7c7  main -> main
yt-dlp stderr: WARNING: [youtube] Falling back to generic n function search
         player = https://www.youtube.com/s/player/57f5d44f/player_es6.vflset/en_US/base.js
WARNING: [youtube] 1_7d-PSXsXk: nsig extraction failed: Some formats may be missing
         n = BJMYFm9p8lYI1Ra5jPh ; player = https://www.youtube.com/s/player/57f5d44f/player_es6.vflset/en_US/base.js
ERROR: [youtube] 1_7d-PSXsXk: Sign in to confirm you’re not a bot. Use --cookies-from-browser or --cookies for the authentication. See  https://github.com/yt-dlp/yt-dlp/wiki/FAQ#how-do-i-pass-cookies-to-yt-dlp  for how to manually pass cookies. Also see  https://github.com/yt-dlp/yt-dlp/wiki/Extractors#exporting-youtube-cookies  for tips on effectively exporting YouTube cookies
WARNING: [youtube] Falling back to generic n function search
         player = https://www.youtube.com/s/player/57f5d44f/player_es6.vflset/en_US/base.js
WARNING: [youtube] MSN1j8IwJis: nsig extraction failed: Some formats may be missing
         n = 3ABS_6U8iGwCz9mHWik ; player = https://www.youtube.com/s/player/57f5d44f/player_es6.vflset/en_US/base.js
ERROR: [youtube] MSN1j8IwJis: Sign in to confirm you’re not a bot. Use --cookies-from-browser or --cookies for the authentication. See  https://github.com/yt-dlp/yt-dlp/wiki/FAQ#how-do-i-pass-cookies-to-yt-dlp  for how to manually pass cookies. Also see  https://github.com/yt-dlp/yt-dlp/wiki/Extractors#exporting-youtube-cookies  for tips on effectively exporting YouTube cookies
WARNING: [youtube] Falling back to generic n function search
         player = https://www.youtube.com/s/player/57f5d44f/player_es6.vflset/en_US/base.js
WARNING: [youtube] DnNYJtqBY9o: nsig extraction failed: Some formats may be missing
         n = la1MJqLovWgVdaSLrWS ; player = https://www.youtube.com/s/player/57f5d44f/player_es6.vflset/en_US/base.js
ERROR: [youtube] DnNYJtqBY9o: Sign in to confirm you’re not a bot. Use --cookies-from-browser or --cookies for the authentication. See  https://github.com/yt-dlp/yt-dlp/wiki/FAQ#how-do-i-pass-cookies-to-yt-dlp  for how to manually pass cookies. Also see  https://github.com/yt-dlp/yt-dlp/wiki/Extractors#exporting-youtube-cookies  for tips on effectively exporting YouTube cookies
WARNING: [youtube] Falling back to generic n function search
         player = https://www.youtube.com/s/player/57f5d44f/player_es6.vflset/en_US/base.js
WARNING: [youtube] 8DTpDanHlWM: nsig extraction failed: Some formats may be missing
         n = v05pkGjw6GzaPBG3EPD ; player = https://www.youtube.com/s/player/57f5d44f/player_es6.vflset/en_US/base.js
ERROR: [youtube] 8DTpDanHlWM: Sign in to confirm you’re not a bot. Use --cookies-from-browser or --cookies for the authentication. See  https://github.com/yt-dlp/yt-dlp/wiki/FAQ#how-do-i-pass-cookies-to-yt-dlp  for how to manually pass cookies. Also see  https://github.com/yt-dlp/yt-dlp/wiki/Extractors#exporting-youtube-cookies  for tips on effectively exporting YouTube cookies
WARNING: [youtube] Falling back to generic n function search
         player = https://www.youtube.com/s/player/57f5d44f/player_es6.vflset/en_US/base.js
WARNING: [youtube] cXL7ftLX2KA: nsig extraction failed: Some formats may be missing
         n = i-aZu6oFMM5Wk7mx0VI ; player = https://www.youtube.com/s/player/57f5d44f/player_es6.vflset/en_US/base.js
ERROR: [youtube] cXL7ftLX2KA: Sign in to confirm you’re not a bot. Use --cookies-from-browser or --cookies for the authentication. See  https://github.com/yt-dlp/yt-dlp/wiki/FAQ#how-do-i-pass-cookies-to-yt-dlp  for how to manually pass cookies. Also see  https://github.com/yt-dlp/yt-dlp/wiki/Extractors#exporting-youtube-cookies  for tips on effectively exporting YouTube cookies
WARNING: [youtube] Falling back to generic n function search
         player = https://www.youtube.com/s/player/57f5d44f/player_es6.vflset/en_US/base.js
WARNING: [youtube] TB2KptZBgqA: nsig extraction failed: Some formats may be missing
         n = SbtF4GLdWPVveMQMz8a ; player = https://www.youtube.com/s/player/57f5d44f/player_es6.vflset/en_US/base.js
ERROR: [youtube] TB2KptZBgqA: Sign in to confirm you’re not a bot. Use --cookies-from-browser or --cookies for the authentication. See  https://github.com/yt-dlp/yt-dlp/wiki/FAQ#how-do-i-pass-cookies-to-yt-dlp  for how to manually pass cookies. Also see  https://github.com/yt-dlp/yt-dlp/wiki/Extractors#exporting-youtube-cookies  for tips on effectively exporting YouTube cookies
WARNING: [youtube] Falling back to generic n function search
         player = https://www.youtube.com/s/player/57f5d44f/player_es6.vflset/en_US/base.js
WARNING: [youtube] KcI9-ZBY0Yw: nsig extraction failed: Some formats may be missing
         n = qbFXGmtdmmkRe2aHcL- ; player = https://www.youtube.com/s/player/57f5d44f/player_es6.vflset/en_US/base.js
ERROR: [youtube] KcI9-ZBY0Yw: Sign in to confirm you’re not a bot. Use --cookies-from-browser or --cookies for the authentication. See  https://github.com/yt-dlp/yt-dlp/wiki/FAQ#how-do-i-pass-cookies-to-yt-dlp  for how to manually pass cookies. Also see  https://github.com/yt-dlp/yt-dlp/wiki/Extractors#exporting-youtube-cookies  for tips on effectively exporting YouTube cookies
WARNING: [youtube] Falling back to generic n function search
         player = https://www.youtube.com/s/player/57f5d44f/player_es6.vflset/en_US/base.js
WARNING: [youtube] s6B-ihXe7cE: nsig extraction failed: Some formats may be missing
         n = FmZdRG7490Qfk7B8DID ; player = https://www.youtube.com/s/player/57f5d44f/player_es6.vflset/en_US/base.js
ERROR: [youtube] s6B-ihXe7cE: Sign in to confirm you’re not a bot. Use --cookies-from-browser or --cookies for the authentication. See  https://github.com/yt-dlp/yt-dlp/wiki/FAQ#how-do-i-pass-cookies-to-yt-dlp  for how to manually pass cookies. Also see  https://github.com/yt-dlp/yt-dlp/wiki/Extractors#exporting-youtube-cookies  for tips on effectively exporting YouTube cookies
WARNING: [youtube] Falling back to generic n function search
         player = https://www.youtube.com/s/player/57f5d44f/player_es6.vflset/en_US/base.js
WARNING: [youtube] 524tRTx3WXA: nsig extraction failed: Some formats may be missing
         n = qopHtGtlmjJvBACKF2D ; player = https://www.youtube.com/s/player/57f5d44f/player_es6.vflset/en_US/base.js
ERROR: [youtube] 524tRTx3WXA: Sign in to confirm you’re not a bot. Use --cookies-from-browser or --cookies for the authentication. See  https://github.com/yt-dlp/yt-dlp/wiki/FAQ#how-do-i-pass-cookies-to-yt-dlp  for how to manually pass cookies. Also see  https://github.com/yt-dlp/yt-dlp/wiki/Extractors#exporting-youtube-cookies  for tips on effectively exporting YouTube cookies
WARNING: [youtube] Falling back to generic n function search
         player = https://www.youtube.com/s/player/57f5d44f/player_es6.vflset/en_US/base.js
WARNING: [youtube] mQdgNMsheoA: nsig extraction failed: Some formats may be missing
         n = lfr61Ga78IUIBxwU9-z ; player = https://www.youtube.com/s/player/57f5d44f/player_es6.vflset/en_US/base.js
ERROR: [youtube] mQdgNMsheoA: Sign in to confirm you’re not a bot. Use --cookies-from-browser or --cookies for the authentication. See  https://github.com/yt-dlp/yt-dlp/wiki/FAQ#how-do-i-pass-cookies-to-yt-dlp  for how to manually pass cookies. Also see  https://github.com/yt-dlp/yt-dlp/wiki/Extractors#exporting-youtube-cookies  for tips on effectively exporting YouTube cookies

yt-dlp stderr: WARNING: [youtube] Falling back to generic n function search
         player = https://www.youtube.com/s/player/c2f7551f/player_es6.vflset/en_US/base.js
WARNING: [youtube] 1_7d-PSXsXk: nsig extraction failed: Some formats may be missing
         n = XKtqDEDft2AkHuV5RMc ; player = https://www.youtube.com/s/player/c2f7551f/player_es6.vflset/en_US/base.js
ERROR: [youtube] 1_7d-PSXsXk: Sign in to confirm you’re not a bot. Use --cookies-from-browser or --cookies for the authentication. See  https://github.com/yt-dlp/yt-dlp/wiki/FAQ#how-do-i-pass-cookies-to-yt-dlp  for how to manually pass cookies. Also see  https://github.com/yt-dlp/yt-dlp/wiki/Extractors#exporting-youtube-cookies  for tips on effectively exporting YouTube cookies
WARNING: [youtube] Falling back to generic n function search
         player = https://www.youtube.com/s/player/c2f7551f/player_es6.vflset/en_US/base.js
WARNING: [youtube] MSN1j8IwJis: nsig extraction failed: Some formats may be missing
         n = _Ac31J3SOfZ4ByH8YJ2 ; player = https://www.youtube.com/s/player/c2f7551f/player_es6.vflset/en_US/base.js
ERROR: [youtube] MSN1j8IwJis: Sign in to confirm you’re not a bot. Use --cookies-from-browser or --cookies for the authentication. See  https://github.com/yt-dlp/yt-dlp/wiki/FAQ#how-do-i-pass-cookies-to-yt-dlp  for how to manually pass cookies. Also see  https://github.com/yt-dlp/yt-dlp/wiki/Extractors#exporting-youtube-cookies  for tips on effectively exporting YouTube cookies
WARNING: [youtube] Falling back to generic n function search
         player = https://www.youtube.com/s/player/c2f7551f/player_es6.vflset/en_US/base.js
WARNING: [youtube] DnNYJtqBY9o: nsig extraction failed: Some formats may be missing
         n = tTBjxAxk46Y4JdRL64E ; player = https://www.youtube.com/s/player/c2f7551f/player_es6.vflset/en_US/base.js
ERROR: [youtube] DnNYJtqBY9o: Sign in to confirm you’re not a bot. Use --cookies-from-browser or --cookies for the authentication. See  https://github.com/yt-dlp/yt-dlp/wiki/FAQ#how-do-i-pass-cookies-to-yt-dlp  for how to manually pass cookies. Also see  https://github.com/yt-dlp/yt-dlp/wiki/Extractors#exporting-youtube-cookies  for tips on effectively exporting YouTube cookies
WARNING: [youtube] Falling back to generic n function search
         player = https://www.youtube.com/s/player/c2f7551f/player_es6.vflset/en_US/base.js
WARNING: [youtube] 8DTpDanHlWM: nsig extraction failed: Some formats may be missing
         n = TsUYZm_L3k9ajRZsB9- ; player = https://www.youtube.com/s/player/c2f7551f/player_es6.vflset/en_US/base.js
ERROR: [youtube] 8DTpDanHlWM: Sign in to confirm you’re not a bot. Use --cookies-from-browser or --cookies for the authentication. See  https://github.com/yt-dlp/yt-dlp/wiki/FAQ#how-do-i-pass-cookies-to-yt-dlp  for how to manually pass cookies. Also see  https://github.com/yt-dlp/yt-dlp/wiki/Extractors#exporting-youtube-cookies  for tips on effectively exporting YouTube cookies
WARNING: [youtube] Falling back to generic n function search
         player = https://www.youtube.com/s/player/c2f7551f/player_es6.vflset/en_US/base.js
WARNING: [youtube] cXL7ftLX2KA: nsig extraction failed: Some formats may be missing
         n = CiF_wWkUf2WsdR9yzG7 ; player = https://www.youtube.com/s/player/c2f7551f/player_es6.vflset/en_US/base.js
ERROR: [youtube] cXL7ftLX2KA: Sign in to confirm you’re not a bot. Use --cookies-from-browser or --cookies for the authentication. See  https://github.com/yt-dlp/yt-dlp/wiki/FAQ#how-do-i-pass-cookies-to-yt-dlp  for how to manually pass cookies. Also see  https://github.com/yt-dlp/yt-dlp/wiki/Extractors#exporting-youtube-cookies  for tips on effectively exporting YouTube cookies
WARNING: [youtube] Falling back to generic n function search
         player = https://www.youtube.com/s/player/c2f7551f/player_es6.vflset/en_US/base.js
WARNING: [youtube] TB2KptZBgqA: nsig extraction failed: Some formats may be missing
         n = dPOxTvGSBI1YQYmol61 ; player = https://www.youtube.com/s/player/c2f7551f/player_es6.vflset/en_US/base.js
ERROR: [youtube] TB2KptZBgqA: Sign in to confirm you’re not a bot. Use --cookies-from-browser or --cookies for the authentication. See  https://github.com/yt-dlp/yt-dlp/wiki/FAQ#how-do-i-pass-cookies-to-yt-dlp  for how to manually pass cookies. Also see  https://github.com/yt-dlp/yt-dlp/wiki/Extractors#exporting-youtube-cookies  for tips on effectively exporting YouTube cookies
WARNING: [youtube] Falling back to generic n function search
         player = https://www.youtube.com/s/player/c2f7551f/player_es6.vflset/en_US/base.js
WARNING: [youtube] KcI9-ZBY0Yw: nsig extraction failed: Some formats may be missing
         n = _M4ut6_kdRx32IwygHQ ; player = https://www.youtube.com/s/player/c2f7551f/player_es6.vflset/en_US/base.js
ERROR: [youtube] KcI9-ZBY0Yw: Sign in to confirm you’re not a bot. Use --cookies-from-browser or --cookies for the authentication. See  https://github.com/yt-dlp/yt-dlp/wiki/FAQ#how-do-i-pass-cookies-to-yt-dlp  for how to manually pass cookies. Also see  https://github.com/yt-dlp/yt-dlp/wiki/Extractors#exporting-youtube-cookies  for tips on effectively exporting YouTube cookies
WARNING: [youtube] Falling back to generic n function search
         player = https://www.youtube.com/s/player/c2f7551f/player_es6.vflset/en_US/base.js
WARNING: [youtube] s6B-ihXe7cE: nsig extraction failed: Some formats may be missing
         n = mNn0AZMTdBCOzXeXks6 ; player = https://www.youtube.com/s/player/c2f7551f/player_es6.vflset/en_US/base.js
ERROR: [youtube] s6B-ihXe7cE: Sign in to confirm you’re not a bot. Use --cookies-from-browser or --cookies for the authentication. See  https://github.com/yt-dlp/yt-dlp/wiki/FAQ#how-do-i-pass-cookies-to-yt-dlp  for how to manually pass cookies. Also see  https://github.com/yt-dlp/yt-dlp/wiki/Extractors#exporting-youtube-cookies  for tips on effectively exporting YouTube cookies
WARNING: [youtube] Falling back to generic n function search
         player = https://www.youtube.com/s/player/c2f7551f/player_es6.vflset/en_US/base.js
WARNING: [youtube] 524tRTx3WXA: nsig extraction failed: Some formats may be missing
         n = 5qgSw7wC4Ipm8gzvCqC ; player = https://www.youtube.com/s/player/c2f7551f/player_es6.vflset/en_US/base.js
ERROR: [youtube] 524tRTx3WXA: Sign in to confirm you’re not a bot. Use --cookies-from-browser or --cookies for the authentication. See  https://github.com/yt-dlp/yt-dlp/wiki/FAQ#how-do-i-pass-cookies-to-yt-dlp  for how to manually pass cookies. Also see  https://github.com/yt-dlp/yt-dlp/wiki/Extractors#exporting-youtube-cookies  for tips on effectively exporting YouTube cookies
WARNING: [youtube] Falling back to generic n function search
         player = https://www.youtube.com/s/player/c2f7551f/player_es6.vflset/en_US/base.js
WARNING: [youtube] mQdgNMsheoA: nsig extraction failed: Some formats may be missing
         n = UhC6fxlN8dbY2KDgyYh ; player = https://www.youtube.com/s/player/c2f7551f/player_es6.vflset/en_US/base.js
ERROR: [youtube] mQdgNMsheoA: Sign in to confirm you’re not a bot. Use --cookies-from-browser or --cookies for the authentication. See  https://github.com/yt-dlp/yt-dlp/wiki/FAQ#how-do-i-pass-cookies-to-yt-dlp  for how to manually pass cookies. Also see  https://github.com/yt-dlp/yt-dlp/wiki/Extractors#exporting-youtube-cookies  for tips on effectively exporting YouTube cookies

No internet connection. Skipping check.
No internet connection. Skipping check.
yt-dlp stderr: WARNING: [youtube] Falling back to generic n function search
         player = https://www.youtube.com/s/player/9fc68080/player_es6.vflset/en_US/base.js
WARNING: [youtube] 1_7d-PSXsXk: nsig extraction failed: Some formats may be missing
         n = -HamdhkcG9MBf1k5j ; player = https://www.youtube.com/s/player/9fc68080/player_es6.vflset/en_US/base.js
ERROR: [youtube] 1_7d-PSXsXk: Sign in to confirm you’re not a bot. Use --cookies-from-browser or --cookies for the authentication. See  https://github.com/yt-dlp/yt-dlp/wiki/FAQ#how-do-i-pass-cookies-to-yt-dlp  for how to manually pass cookies. Also see  https://github.com/yt-dlp/yt-dlp/wiki/Extractors#exporting-youtube-cookies  for tips on effectively exporting YouTube cookies
WARNING: [youtube] Falling back to generic n function search
         player = https://www.youtube.com/s/player/9fc68080/player_es6.vflset/en_US/base.js
WARNING: [youtube] MSN1j8IwJis: nsig extraction failed: Some formats may be missing
         n = gnhJboBbiW1SmeFwD ; player = https://www.youtube.com/s/player/9fc68080/player_es6.vflset/en_US/base.js
ERROR: [youtube] MSN1j8IwJis: Sign in to confirm you’re not a bot. Use --cookies-from-browser or --cookies for the authentication. See  https://github.com/yt-dlp/yt-dlp/wiki/FAQ#how-do-i-pass-cookies-to-yt-dlp  for how to manually pass cookies. Also see  https://github.com/yt-dlp/yt-dlp/wiki/Extractors#exporting-youtube-cookies  for tips on effectively exporting YouTube cookies
WARNING: [youtube] Falling back to generic n function search
         player = https://www.youtube.com/s/player/9fc68080/player_es6.vflset/en_US/base.js
WARNING: [youtube] DnNYJtqBY9o: nsig extraction failed: Some formats may be missing
         n = hIXw7wCaJZA4yZjLY ; player = https://www.youtube.com/s/player/9fc68080/player_es6.vflset/en_US/base.js
ERROR: [youtube] DnNYJtqBY9o: Sign in to confirm you’re not a bot. Use --cookies-from-browser or --cookies for the authentication. See  https://github.com/yt-dlp/yt-dlp/wiki/FAQ#how-do-i-pass-cookies-to-yt-dlp  for how to manually pass cookies. Also see  https://github.com/yt-dlp/yt-dlp/wiki/Extractors#exporting-youtube-cookies  for tips on effectively exporting YouTube cookies
WARNING: [youtube] Falling back to generic n function search
         player = https://www.youtube.com/s/player/9fc68080/player_es6.vflset/en_US/base.js
WARNING: [youtube] 8DTpDanHlWM: nsig extraction failed: Some formats may be missing
         n = LcBRuin_wy6GA7tiI ; player = https://www.youtube.com/s/player/9fc68080/player_es6.vflset/en_US/base.js
ERROR: [youtube] 8DTpDanHlWM: Sign in to confirm you’re not a bot. Use --cookies-from-browser or --cookies for the authentication. See  https://github.com/yt-dlp/yt-dlp/wiki/FAQ#how-do-i-pass-cookies-to-yt-dlp  for how to manually pass cookies. Also see  https://github.com/yt-dlp/yt-dlp/wiki/Extractors#exporting-youtube-cookies  for tips on effectively exporting YouTube cookies
WARNING: [youtube] Falling back to generic n function search
         player = https://www.youtube.com/s/player/9fc68080/player_es6.vflset/en_US/base.js
WARNING: [youtube] cXL7ftLX2KA: nsig extraction failed: Some formats may be missing
         n = KmrconIUoc_ZFQa5- ; player = https://www.youtube.com/s/player/9fc68080/player_es6.vflset/en_US/base.js
ERROR: [youtube] cXL7ftLX2KA: Sign in to confirm you’re not a bot. Use --cookies-from-browser or --cookies for the authentication. See  https://github.com/yt-dlp/yt-dlp/wiki/FAQ#how-do-i-pass-cookies-to-yt-dlp  for how to manually pass cookies. Also see  https://github.com/yt-dlp/yt-dlp/wiki/Extractors#exporting-youtube-cookies  for tips on effectively exporting YouTube cookies
WARNING: [youtube] Falling back to generic n function search
         player = https://www.youtube.com/s/player/9fc68080/player_es6.vflset/en_US/base.js
WARNING: [youtube] TB2KptZBgqA: nsig extraction failed: Some formats may be missing
         n = kAkW48_jlkrCS720u ; player = https://www.youtube.com/s/player/9fc68080/player_es6.vflset/en_US/base.js
ERROR: [youtube] TB2KptZBgqA: Sign in to confirm you’re not a bot. Use --cookies-from-browser or --cookies for the authentication. See  https://github.com/yt-dlp/yt-dlp/wiki/FAQ#how-do-i-pass-cookies-to-yt-dlp  for how to manually pass cookies. Also see  https://github.com/yt-dlp/yt-dlp/wiki/Extractors#exporting-youtube-cookies  for tips on effectively exporting YouTube cookies
WARNING: [youtube] Falling back to generic n function search
         player = https://www.youtube.com/s/player/9fc68080/player_es6.vflset/en_US/base.js
WARNING: [youtube] KcI9-ZBY0Yw: nsig extraction failed: Some formats may be missing
         n = BrMPx9tCwrEDrUrmY ; player = https://www.youtube.com/s/player/9fc68080/player_es6.vflset/en_US/base.js
ERROR: [youtube] KcI9-ZBY0Yw: Sign in to confirm you’re not a bot. Use --cookies-from-browser or --cookies for the authentication. See  https://github.com/yt-dlp/yt-dlp/wiki/FAQ#how-do-i-pass-cookies-to-yt-dlp  for how to manually pass cookies. Also see  https://github.com/yt-dlp/yt-dlp/wiki/Extractors#exporting-youtube-cookies  for tips on effectively exporting YouTube cookies
WARNING: [youtube] Falling back to generic n function search
         player = https://www.youtube.com/s/player/9fc68080/player_es6.vflset/en_US/base.js
WARNING: [youtube] s6B-ihXe7cE: nsig extraction failed: Some formats may be missing
         n = DUtcKSm1oF3kQ5WVT ; player = https://www.youtube.com/s/player/9fc68080/player_es6.vflset/en_US/base.js
ERROR: [youtube] s6B-ihXe7cE: Sign in to confirm you’re not a bot. Use --cookies-from-browser or --cookies for the authentication. See  https://github.com/yt-dlp/yt-dlp/wiki/FAQ#how-do-i-pass-cookies-to-yt-dlp  for how to manually pass cookies. Also see  https://github.com/yt-dlp/yt-dlp/wiki/Extractors#exporting-youtube-cookies  for tips on effectively exporting YouTube cookies
WARNING: [youtube] Falling back to generic n function search
         player = https://www.youtube.com/s/player/9fc68080/player_es6.vflset/en_US/base.js
WARNING: [youtube] 524tRTx3WXA: nsig extraction failed: Some formats may be missing
         n = 1toF_Oay3LojMn_R0 ; player = https://www.youtube.com/s/player/9fc68080/player_es6.vflset/en_US/base.js
ERROR: [youtube] 524tRTx3WXA: Sign in to confirm you’re not a bot. Use --cookies-from-browser or --cookies for the authentication. See  https://github.com/yt-dlp/yt-dlp/wiki/FAQ#how-do-i-pass-cookies-to-yt-dlp  for how to manually pass cookies. Also see  https://github.com/yt-dlp/yt-dlp/wiki/Extractors#exporting-youtube-cookies  for tips on effectively exporting YouTube cookies
WARNING: [youtube] Falling back to generic n function search
         player = https://www.youtube.com/s/player/9fc68080/player_es6.vflset/en_US/base.js
WARNING: [youtube] mQdgNMsheoA: nsig extraction failed: Some formats may be missing
         n = ZvCkkFLE5UlwnKUNM ; player = https://www.youtube.com/s/player/9fc68080/player_es6.vflset/en_US/base.js
ERROR: [youtube] mQdgNMsheoA: Sign in to confirm you’re not a bot. Use --cookies-from-browser or --cookies for the authentication. See  https://github.com/yt-dlp/yt-dlp/wiki/FAQ#how-do-i-pass-cookies-to-yt-dlp  for how to manually pass cookies. Also see  https://github.com/yt-dlp/yt-dlp/wiki/Extractors#exporting-youtube-cookies  for tips on effectively exporting YouTube cookies

yt-dlp stderr: WARNING: [youtube] Falling back to generic n function search
         player = https://www.youtube.com/s/player/9c249f6f/player_es6.vflset/en_US/base.js
WARNING: [youtube] 1_7d-PSXsXk: nsig extraction failed: Some formats may be missing
         n = EdmaKlG0DXoq5OX598n ; player = https://www.youtube.com/s/player/9c249f6f/player_es6.vflset/en_US/base.js
ERROR: [youtube] 1_7d-PSXsXk: Sign in to confirm you’re not a bot. Use --cookies-from-browser or --cookies for the authentication. See  https://github.com/yt-dlp/yt-dlp/wiki/FAQ#how-do-i-pass-cookies-to-yt-dlp  for how to manually pass cookies. Also see  https://github.com/yt-dlp/yt-dlp/wiki/Extractors#exporting-youtube-cookies  for tips on effectively exporting YouTube cookies
WARNING: [youtube] Falling back to generic n function search
         player = https://www.youtube.com/s/player/9c249f6f/player_es6.vflset/en_US/base.js
WARNING: [youtube] MSN1j8IwJis: nsig extraction failed: Some formats may be missing
         n = 7UQKWUBe2uqpLAeMJNj ; player = https://www.youtube.com/s/player/9c249f6f/player_es6.vflset/en_US/base.js
ERROR: [youtube] MSN1j8IwJis: Sign in to confirm you’re not a bot. Use --cookies-from-browser or --cookies for the authentication. See  https://github.com/yt-dlp/yt-dlp/wiki/FAQ#how-do-i-pass-cookies-to-yt-dlp  for how to manually pass cookies. Also see  https://github.com/yt-dlp/yt-dlp/wiki/Extractors#exporting-youtube-cookies  for tips on effectively exporting YouTube cookies
WARNING: [youtube] Falling back to generic n function search
         player = https://www.youtube.com/s/player/9c249f6f/player_es6.vflset/en_US/base.js
WARNING: [youtube] DnNYJtqBY9o: nsig extraction failed: Some formats may be missing
         n = G483sWhNpTzC4NagwUO ; player = https://www.youtube.com/s/player/9c249f6f/player_es6.vflset/en_US/base.js
ERROR: [youtube] DnNYJtqBY9o: Sign in to confirm you’re not a bot. Use --cookies-from-browser or --cookies for the authentication. See  https://github.com/yt-dlp/yt-dlp/wiki/FAQ#how-do-i-pass-cookies-to-yt-dlp  for how to manually pass cookies. Also see  https://github.com/yt-dlp/yt-dlp/wiki/Extractors#exporting-youtube-cookies  for tips on effectively exporting YouTube cookies
WARNING: [youtube] Falling back to generic n function search
         player = https://www.youtube.com/s/player/9c249f6f/player_es6.vflset/en_US/base.js
WARNING: [youtube] 8DTpDanHlWM: nsig extraction failed: Some formats may be missing
         n = ifUUzpbqdptLNSk3w1W ; player = https://www.youtube.com/s/player/9c249f6f/player_es6.vflset/en_US/base.js
ERROR: [youtube] 8DTpDanHlWM: Sign in to confirm you’re not a bot. Use --cookies-from-browser or --cookies for the authentication. See  https://github.com/yt-dlp/yt-dlp/wiki/FAQ#how-do-i-pass-cookies-to-yt-dlp  for how to manually pass cookies. Also see  https://github.com/yt-dlp/yt-dlp/wiki/Extractors#exporting-youtube-cookies  for tips on effectively exporting YouTube cookies
WARNING: [youtube] Falling back to generic n function search
         player = https://www.youtube.com/s/player/9c249f6f/player_es6.vflset/en_US/base.js
WARNING: [youtube] cXL7ftLX2KA: nsig extraction failed: Some formats may be missing
         n = VdOCygtTzW-EtmBHzCU ; player = https://www.youtube.com/s/player/9c249f6f/player_es6.vflset/en_US/base.js
ERROR: [youtube] cXL7ftLX2KA: Sign in to confirm you’re not a bot. Use --cookies-from-browser or --cookies for the authentication. See  https://github.com/yt-dlp/yt-dlp/wiki/FAQ#how-do-i-pass-cookies-to-yt-dlp  for how to manually pass cookies. Also see  https://github.com/yt-dlp/yt-dlp/wiki/Extractors#exporting-youtube-cookies  for tips on effectively exporting YouTube cookies
WARNING: [youtube] Falling back to generic n function search
         player = https://www.youtube.com/s/player/9c249f6f/player_es6.vflset/en_US/base.js
WARNING: [youtube] TB2KptZBgqA: nsig extraction failed: Some formats may be missing
         n = 9dqNobstxhK2dMavlrs ; player = https://www.youtube.com/s/player/9c249f6f/player_es6.vflset/en_US/base.js
ERROR: [youtube] TB2KptZBgqA: Sign in to confirm you’re not a bot. Use --cookies-from-browser or --cookies for the authentication. See  https://github.com/yt-dlp/yt-dlp/wiki/FAQ#how-do-i-pass-cookies-to-yt-dlp  for how to manually pass cookies. Also see  https://github.com/yt-dlp/yt-dlp/wiki/Extractors#exporting-youtube-cookies  for tips on effectively exporting YouTube cookies
WARNING: [youtube] Falling back to generic n function search
         player = https://www.youtube.com/s/player/9c249f6f/player_es6.vflset/en_US/base.js
WARNING: [youtube] KcI9-ZBY0Yw: nsig extraction failed: Some formats may be missing
         n = jz5e_DD3rojXjQslEV6 ; player = https://www.youtube.com/s/player/9c249f6f/player_es6.vflset/en_US/base.js
ERROR: [youtube] KcI9-ZBY0Yw: Sign in to confirm you’re not a bot. Use --cookies-from-browser or --cookies for the authentication. See  https://github.com/yt-dlp/yt-dlp/wiki/FAQ#how-do-i-pass-cookies-to-yt-dlp  for how to manually pass cookies. Also see  https://github.com/yt-dlp/yt-dlp/wiki/Extractors#exporting-youtube-cookies  for tips on effectively exporting YouTube cookies
WARNING: [youtube] Falling back to generic n function search
         player = https://www.youtube.com/s/player/9c249f6f/player_es6.vflset/en_US/base.js
WARNING: [youtube] s6B-ihXe7cE: nsig extraction failed: Some formats may be missing
         n = WUWQKOdBjwfMOrmhpvN ; player = https://www.youtube.com/s/player/9c249f6f/player_es6.vflset/en_US/base.js
ERROR: [youtube] s6B-ihXe7cE: Sign in to confirm you’re not a bot. Use --cookies-from-browser or --cookies for the authentication. See  https://github.com/yt-dlp/yt-dlp/wiki/FAQ#how-do-i-pass-cookies-to-yt-dlp  for how to manually pass cookies. Also see  https://github.com/yt-dlp/yt-dlp/wiki/Extractors#exporting-youtube-cookies  for tips on effectively exporting YouTube cookies
WARNING: [youtube] Falling back to generic n function search
         player = https://www.youtube.com/s/player/9c249f6f/player_es6.vflset/en_US/base.js
WARNING: [youtube] 524tRTx3WXA: nsig extraction failed: Some formats may be missing
         n = B7qO2e2k77wzKirATya ; player = https://www.youtube.com/s/player/9c249f6f/player_es6.vflset/en_US/base.js
ERROR: [youtube] 524tRTx3WXA: Sign in to confirm you’re not a bot. Use --cookies-from-browser or --cookies for the authentication. See  https://github.com/yt-dlp/yt-dlp/wiki/FAQ#how-do-i-pass-cookies-to-yt-dlp  for how to manually pass cookies. Also see  https://github.com/yt-dlp/yt-dlp/wiki/Extractors#exporting-youtube-cookies  for tips on effectively exporting YouTube cookies
WARNING: [youtube] Falling back to generic n function search
         player = https://www.youtube.com/s/player/9c249f6f/player_es6.vflset/en_US/base.js
WARNING: [youtube] mQdgNMsheoA: nsig extraction failed: Some formats may be missing
         n = N2iO26MghQwYOvgCucz ; player = https://www.youtube.com/s/player/9c249f6f/player_es6.vflset/en_US/base.js
ERROR: [youtube] mQdgNMsheoA: Sign in to confirm you’re not a bot. Use --cookies-from-browser or --cookies for the authentication. See  https://github.com/yt-dlp/yt-dlp/wiki/FAQ#how-do-i-pass-cookies-to-yt-dlp  for how to manually pass cookies. Also see  https://github.com/yt-dlp/yt-dlp/wiki/Extractors#exporting-youtube-cookies  for tips on effectively exporting YouTube cookies

yt-dlp stderr: WARNING: [youtube] Falling back to generic n function search
         player = https://www.youtube.com/s/player/5cabb421/player_es6.vflset/en_US/base.js
WARNING: [youtube] 1_7d-PSXsXk: nsig extraction failed: Some formats may be missing
         n = 65dLVGltAWCOU1RwR ; player = https://www.youtube.com/s/player/5cabb421/player_es6.vflset/en_US/base.js
ERROR: [youtube] 1_7d-PSXsXk: Sign in to confirm you’re not a bot. Use --cookies-from-browser or --cookies for the authentication. See  https://github.com/yt-dlp/yt-dlp/wiki/FAQ#how-do-i-pass-cookies-to-yt-dlp  for how to manually pass cookies. Also see  https://github.com/yt-dlp/yt-dlp/wiki/Extractors#exporting-youtube-cookies  for tips on effectively exporting YouTube cookies
WARNING: [youtube] Falling back to generic n function search
         player = https://www.youtube.com/s/player/5cabb421/player_es6.vflset/en_US/base.js
WARNING: [youtube] MSN1j8IwJis: nsig extraction failed: Some formats may be missing
         n = NuG6ECgfQmOpf2wvv ; player = https://www.youtube.com/s/player/5cabb421/player_es6.vflset/en_US/base.js
ERROR: [youtube] MSN1j8IwJis: Sign in to confirm you’re not a bot. Use --cookies-from-browser or --cookies for the authentication. See  https://github.com/yt-dlp/yt-dlp/wiki/FAQ#how-do-i-pass-cookies-to-yt-dlp  for how to manually pass cookies. Also see  https://github.com/yt-dlp/yt-dlp/wiki/Extractors#exporting-youtube-cookies  for tips on effectively exporting YouTube cookies
WARNING: [youtube] Falling back to generic n function search
         player = https://www.youtube.com/s/player/5cabb421/player_es6.vflset/en_US/base.js
WARNING: [youtube] DnNYJtqBY9o: nsig extraction failed: Some formats may be missing
         n = 3SV_xjZIZMW8c-fEk ; player = https://www.youtube.com/s/player/5cabb421/player_es6.vflset/en_US/base.js
ERROR: [youtube] DnNYJtqBY9o: Sign in to confirm you’re not a bot. Use --cookies-from-browser or --cookies for the authentication. See  https://github.com/yt-dlp/yt-dlp/wiki/FAQ#how-do-i-pass-cookies-to-yt-dlp  for how to manually pass cookies. Also see  https://github.com/yt-dlp/yt-dlp/wiki/Extractors#exporting-youtube-cookies  for tips on effectively exporting YouTube cookies
WARNING: [youtube] Falling back to generic n function search
         player = https://www.youtube.com/s/player/5cabb421/player_es6.vflset/en_US/base.js
WARNING: [youtube] 8DTpDanHlWM: nsig extraction failed: Some formats may be missing
         n = fFmbb-_G7ArAfI3eY ; player = https://www.youtube.com/s/player/5cabb421/player_es6.vflset/en_US/base.js
ERROR: [youtube] 8DTpDanHlWM: Sign in to confirm you’re not a bot. Use --cookies-from-browser or --cookies for the authentication. See  https://github.com/yt-dlp/yt-dlp/wiki/FAQ#how-do-i-pass-cookies-to-yt-dlp  for how to manually pass cookies. Also see  https://github.com/yt-dlp/yt-dlp/wiki/Extractors#exporting-youtube-cookies  for tips on effectively exporting YouTube cookies
WARNING: [youtube] Falling back to generic n function search
         player = https://www.youtube.com/s/player/5cabb421/player_es6.vflset/en_US/base.js
WARNING: [youtube] cXL7ftLX2KA: nsig extraction failed: Some formats may be missing
         n = V1xJw2c8ouzbXfXs0 ; player = https://www.youtube.com/s/player/5cabb421/player_es6.vflset/en_US/base.js
ERROR: [youtube] cXL7ftLX2KA: Sign in to confirm you’re not a bot. Use --cookies-from-browser or --cookies for the authentication. See  https://github.com/yt-dlp/yt-dlp/wiki/FAQ#how-do-i-pass-cookies-to-yt-dlp  for how to manually pass cookies. Also see  https://github.com/yt-dlp/yt-dlp/wiki/Extractors#exporting-youtube-cookies  for tips on effectively exporting YouTube cookies
WARNING: [youtube] Falling back to generic n function search
         player = https://www.youtube.com/s/player/5cabb421/player_es6.vflset/en_US/base.js
WARNING: [youtube] TB2KptZBgqA: nsig extraction failed: Some formats may be missing
         n = U50zXSKeP4BTHMnLQ ; player = https://www.youtube.com/s/player/5cabb421/player_es6.vflset/en_US/base.js
ERROR: [youtube] TB2KptZBgqA: Sign in to confirm you’re not a bot. Use --cookies-from-browser or --cookies for the authentication. See  https://github.com/yt-dlp/yt-dlp/wiki/FAQ#how-do-i-pass-cookies-to-yt-dlp  for how to manually pass cookies. Also see  https://github.com/yt-dlp/yt-dlp/wiki/Extractors#exporting-youtube-cookies  for tips on effectively exporting YouTube cookies
WARNING: [youtube] Falling back to generic n function search
         player = https://www.youtube.com/s/player/5cabb421/player_es6.vflset/en_US/base.js
WARNING: [youtube] KcI9-ZBY0Yw: nsig extraction failed: Some formats may be missing
         n = QSHJbakI81CWNgwVn ; player = https://www.youtube.com/s/player/5cabb421/player_es6.vflset/en_US/base.js
ERROR: [youtube] KcI9-ZBY0Yw: Sign in to confirm you’re not a bot. Use --cookies-from-browser or --cookies for the authentication. See  https://github.com/yt-dlp/yt-dlp/wiki/FAQ#how-do-i-pass-cookies-to-yt-dlp  for how to manually pass cookies. Also see  https://github.com/yt-dlp/yt-dlp/wiki/Extractors#exporting-youtube-cookies  for tips on effectively exporting YouTube cookies
WARNING: [youtube] Falling back to generic n function search
         player = https://www.youtube.com/s/player/5cabb421/player_es6.vflset/en_US/base.js
WARNING: [youtube] s6B-ihXe7cE: nsig extraction failed: Some formats may be missing
         n = M31_nyt7IvKlgTsZb ; player = https://www.youtube.com/s/player/5cabb421/player_es6.vflset/en_US/base.js
ERROR: [youtube] s6B-ihXe7cE: Sign in to confirm you’re not a bot. Use --cookies-from-browser or --cookies for the authentication. See  https://github.com/yt-dlp/yt-dlp/wiki/FAQ#how-do-i-pass-cookies-to-yt-dlp  for how to manually pass cookies. Also see  https://github.com/yt-dlp/yt-dlp/wiki/Extractors#exporting-youtube-cookies  for tips on effectively exporting YouTube cookies
WARNING: [youtube] Falling back to generic n function search
         player = https://www.youtube.com/s/player/5cabb421/player_es6.vflset/en_US/base.js
WARNING: [youtube] 524tRTx3WXA: nsig extraction failed: Some formats may be missing
         n = k77DvWeZmTKMrn84d ; player = https://www.youtube.com/s/player/5cabb421/player_es6.vflset/en_US/base.js
ERROR: [youtube] 524tRTx3WXA: Sign in to confirm you’re not a bot. Use --cookies-from-browser or --cookies for the authentication. See  https://github.com/yt-dlp/yt-dlp/wiki/FAQ#how-do-i-pass-cookies-to-yt-dlp  for how to manually pass cookies. Also see  https://github.com/yt-dlp/yt-dlp/wiki/Extractors#exporting-youtube-cookies  for tips on effectively exporting YouTube cookies
WARNING: [youtube] Falling back to generic n function search
         player = https://www.youtube.com/s/player/5cabb421/player_es6.vflset/en_US/base.js
WARNING: [youtube] mQdgNMsheoA: nsig extraction failed: Some formats may be missing
         n = ZfIMoOcvpwMZWCYXs ; player = https://www.youtube.com/s/player/5cabb421/player_es6.vflset/en_US/base.js
ERROR: [youtube] mQdgNMsheoA: Sign in to confirm you’re not a bot. Use --cookies-from-browser or --cookies for the authentication. See  https://github.com/yt-dlp/yt-dlp/wiki/FAQ#how-do-i-pass-cookies-to-yt-dlp  for how to manually pass cookies. Also see  https://github.com/yt-dlp/yt-dlp/wiki/Extractors#exporting-youtube-cookies  for tips on effectively exporting YouTube cookies

No internet connection. Skipping check.
No internet connection. Skipping check.
