Checking source: https://www.youtube.com/playlist?list=PLvAyFccyE6iOFgCAT4RaYxz2JUpNWwk9u
No videos found or error occurred.
Checking source: https://www.youtube.com/playlist?list=PLvAyFccyE6iOFgCAT4RaYxz2JUpNWwk9u
No videos found or error occurred.
Checking source: https://www.youtube.com/playlist?list=PLvAyFccyE6iOFgCAT4RaYxz2JUpNWwk9u
No videos found or error occurred.
Checking source: https://www.youtube.com/playlist?list=PLvAyFccyE6iOFgCAT4RaYxz2JUpNWwk9u
No videos found or error occurred.
Checking source: https://www.youtube.com/playlist?list=PLvAyFccyE6iOFgCAT4RaYxz2JUpNWwk9u
No videos found or error occurred.
Checking source: https://www.youtube.com/playlist?list=PLvAyFccyE6iOFgCAT4RaYxz2JUpNWwk9u
New video found: L'AI sta rendendo la Gen Z nichilista?
Downloading thumbnail for 524tRTx3WXA...
Saved L'AI sta rendendo la Gen Z nichilista? to /Users/danilofiumi/Projects/YT/Videoupdater/downloads/524tRTx3WXA
README.md updated (sorted by latest upload).
Syncing with GitHub...
[main 23cb559] Auto-update: New videos and gallery updated
 6 files changed, 35 insertions(+), 3 deletions(-)
 create mode 100644 downloads/524tRTx3WXA/metadata.json
 create mode 100644 downloads/524tRTx3WXA/thumbnail.jpg
Changes pushed to GitHub successfully.
Sending Slack notification...
Slack notification sent.
Check complete.
Checking source: https://www.youtube.com/playlist?list=PLvAyFccyE6iOFgCAT4RaYxz2JUpNWwk9u
Sending Slack notification...
Slack notification sent.
Check complete.
Checking source: https://www.youtube.com/playlist?list=PLvAyFccyE6iOFgCAT4RaYxz2JUpNWwk9u
New video found: L'AI ci rende DELIRANTI?
Downloading thumbnail for KcI9-ZBY0Yw...
Saved L'AI ci rende DELIRANTI? to /Users/danilofiumi/Projects/YT/Videoupdater/downloads/KcI9-ZBY0Yw
README.md updated (sorted by latest upload).
Syncing with GitHub...
[main 404f41b] Auto-update: New videos and gallery updated
 5 files changed, 16 insertions(+), 1 deletion(-)
 create mode 100644 downloads/KcI9-ZBY0Yw/metadata.json
 create mode 100644 downloads/KcI9-ZBY0Yw/thumbnail.jpg
Changes pushed to GitHub successfully.
Sending Slack notification...
Slack notification sent.
Check complete.
Checking source: https://www.youtube.com/playlist?list=PLvAyFccyE6iOFgCAT4RaYxz2JUpNWwk9u
Sending Slack notification...
Slack notification sent.
Check complete.
Checking source: https://www.youtube.com/playlist?list=PLvAyFccyE6iOFgCAT4RaYxz2JUpNWwk9u
Sending Slack notification...
Check complete.
Checking source: https://www.youtube.com/playlist?list=PLvAyFccyE6iOFgCAT4RaYxz2JUpNWwk9u
New video found: Perché NON dovresti INFORMARTI (e forse è proprio questo il problema)
Downloading thumbnail for cXL7ftLX2KA...
Saved Perché NON dovresti INFORMARTI (e forse è proprio questo il problema) to /Users/danilofiumi/Projects/YT/Videoupdater/downloads/cXL7ftLX2KA
README.md updated (sorted by latest upload).
Syncing with GitHub...
[main 35478e8] Auto-update: New videos and gallery updated
 6 files changed, 63 insertions(+), 1 deletion(-)
 create mode 100644 downloads/cXL7ftLX2KA/metadata.json
 create mode 100644 downloads/cXL7ftLX2KA/thumbnail.jpg
Changes pushed to GitHub successfully.
Sending Slack notification...
Slack notification sent.
Check complete.
Checking source: https://www.youtube.com/playlist?list=PLvAyFccyE6iOFgCAT4RaYxz2JUpNWwk9u
New video found: Perché imparare a PROGRAMMARE nel 2026 è come saper LEGGERE nel 1800
Downloading thumbnail for 8DTpDanHlWM...
Saved Perché imparare a PROGRAMMARE nel 2026 è come saper LEGGERE nel 1800 to /Users/danilofiumi/Projects/YT/Videoupdater/downloads/8DTpDanHlWM
README.md updated (sorted by latest upload).
Syncing with GitHub...
[main b9b2264] Auto-update: New videos and gallery updated
 6 files changed, 26 insertions(+), 1 deletion(-)
 create mode 100644 downloads/8DTpDanHlWM/metadata.json
 create mode 100644 downloads/8DTpDanHlWM/thumbnail.jpg
Changes pushed to GitHub successfully.
Sending Slack notification...
Slack notification sent.
Check complete.
Checking source: https://www.youtube.com/playlist?list=PLvAyFccyE6iOFgCAT4RaYxz2JUpNWwk9u
New video found: Il terrificante mondo del TOKENMAXXING
Downloading thumbnail for DnNYJtqBY9o...
Saved Il terrificante mondo del TOKENMAXXING to /Users/danilofiumi/Projects/YT/Videoupdater/downloads/DnNYJtqBY9o
README.md updated (sorted by latest upload).
Syncing with GitHub...
[main 54a7bc9] Auto-update: New videos and gallery updated
 6 files changed, 26 insertions(+), 1 deletion(-)
 create mode 100644 downloads/DnNYJtqBY9o/metadata.json
 create mode 100644 downloads/DnNYJtqBY9o/thumbnail.jpg
Changes pushed to GitHub successfully.
Sending Slack notification...
Slack notification sent.
Check complete.
Checking source: https://www.youtube.com/playlist?list=PLvAyFccyE6iOFgCAT4RaYxz2JUpNWwk9u
Sending Slack notification...
Slack notification sent.
Check complete.
Checking source: https://www.youtube.com/playlist?list=PLvAyFccyE6iOFgCAT4RaYxz2JUpNWwk9u
Sending Slack notification...
Slack notification sent.
Check complete.
Checking source: https://www.youtube.com/playlist?list=PLvAyFccyE6iOFgCAT4RaYxz2JUpNWwk9u
New video found: L'AI è un ILLUSIONE
Downloading thumbnail for MSN1j8IwJis...
Saved L'AI è un ILLUSIONE to /Users/danilofiumi/Projects/YT/Videoupdater/downloads/MSN1j8IwJis
README.md updated (sorted by latest upload).
Syncing with GitHub...
[main e2f2579] Auto-update: New videos and gallery updated
 6 files changed, 128 insertions(+), 1 deletion(-)
 create mode 100644 downloads/MSN1j8IwJis/metadata.json
 create mode 100644 downloads/MSN1j8IwJis/thumbnail.jpg
Changes pushed to GitHub successfully.
Sending Slack notification...
Slack notification sent.
Check complete.
Checking source: https://www.youtube.com/playlist?list=PLvAyFccyE6iOFgCAT4RaYxz2JUpNWwk9u
New video found: Ho usato WHOOP per 4 anni. Vi racconto perché ho finalmente DISDETTO
Downloading thumbnail for 1_7d-PSXsXk...
Saved Ho usato WHOOP per 4 anni. Vi racconto perché ho finalmente DISDETTO to /Users/danilofiumi/Projects/YT/Videoupdater/downloads/1_7d-PSXsXk
README.md updated (sorted by latest upload).
Syncing with GitHub...
[main fa0d7c7] Auto-update: New videos and gallery updated
 6 files changed, 70 insertions(+), 1 deletion(-)
 create mode 100644 downloads/1_7d-PSXsXk/metadata.json
 create mode 100644 downloads/1_7d-PSXsXk/thumbnail.jpg
Changes pushed to GitHub successfully.
Sending Slack notification...
Slack notification sent.
Check complete.
Checking source: https://www.youtube.com/playlist?list=PLvAyFccyE6iOFgCAT4RaYxz2JUpNWwk9u
No videos found or error occurred. Output was empty.
Checking source: https://www.youtube.com/playlist?list=PLvAyFccyE6iOFgCAT4RaYxz2JUpNWwk9u
No videos found or error occurred. Output was empty.
Checking source: https://www.youtube.com/playlist?list=PLvAyFccyE6iOFgCAT4RaYxz2JUpNWwk9u
No videos found or error occurred. Output was empty.
Checking source: https://www.youtube.com/playlist?list=PLvAyFccyE6iOFgCAT4RaYxz2JUpNWwk9u
No videos found or error occurred. Output was empty.
Checking source: https://www.youtube.com/playlist?list=PLvAyFccyE6iOFgCAT4RaYxz2JUpNWwk9u
No videos found or error occurred. Output was empty.
Checking source: https://www.youtube.com/playlist?list=PLvAyFccyE6iOFgCAT4RaYxz2JUpNWwk9u
No videos found or error occurred. Output was empty.
Checking source: https://www.youtube.com/playlist?list=PLvAyFccyE6iOFgCAT4RaYxz2JUpNWwk9u
New video found: Ho smesso di monitorarmi per 30 giorni... Ecco cosa è successo
Downloading thumbnail for 8uZFh95suEQ...
Saved Ho smesso di monitorarmi per 30 giorni... Ecco cosa è successo to /Users/danilofiumi/Projects/YT/Videoupdater/downloads/8uZFh95suEQ
README.md updated (sorted by latest upload).
Syncing with GitHub...
